// Jest Snapshot v1, https://goo.gl/fbAQLP

exports[`<RegisterPage /> should render successfully 1`] = `
{
  "asFragment": [Function],
  "baseElement": <body>
    <div>
      <div
        class="h-screen flex items-center justify-center"
      >
        <div
          class="rounded-lg border border-border bg-card text-card-foreground shadow-sm mx-auto max-w-md"
        >
          <div
            class="flex flex-col space-y-1.5 p-6"
          >
            <h3
              class="font-semibold tracking-tight text-2xl"
            >
              S'inscrire
            </h3>
            <p
              class="text-sm text-red-500"
            />
            <p
              class="text-sm text-muted-foreground"
            >
              Entrez vos informations pour créer un compte qui vous identifiera en jeu.
            </p>
          </div>
          <div
            class="p-6 pt-0"
          >
            <form
              class="flex flex-col gap-4"
            >
              <div
                class="space-y-2 flex flex-col"
              >
                <label
                  class="text-sm font-medium leading-none peer-disabled:cursor-not-allowed peer-disabled:opacity-70"
                  for="username"
                >
                  Nom d'utilisateur
                </label>
                <input
                  aria-describedby=":r0:-form-item-description"
                  aria-invalid="false"
                  class="flex h-10 w-full rounded-md border border-input bg-background px-3 py-2 text-sm ring-offset-background file:border-0 file:bg-transparent file:text-sm file:font-medium placeholder:text-muted-foreground focus-visible:outline-none focus-visible:ring-2 focus-visible:ring-ring focus-visible:ring-offset-2 disabled:cursor-not-allowed disabled:opacity-50"
                  id=":r0:-form-item"
                  name="username"
                  placeholder="john.doe"
                  value=""
                />
              </div>
              <div
                class="space-y-2 flex flex-col"
              >
                <label
                  class="text-sm font-medium leading-none peer-disabled:cursor-not-allowed peer-disabled:opacity-70"
                  for="email"
                >
                  Adresse mail
                </label>
                <input
                  aria-describedby=":r1:-form-item-description"
                  aria-invalid="false"
                  class="flex h-10 w-full rounded-md border border-input bg-background px-3 py-2 text-sm ring-offset-background file:border-0 file:bg-transparent file:text-sm file:font-medium placeholder:text-muted-foreground focus-visible:outline-none focus-visible:ring-2 focus-visible:ring-ring focus-visible:ring-offset-2 disabled:cursor-not-allowed disabled:opacity-50"
                  id=":r1:-form-item"
                  name="email"
                  placeholder="john.doe@domain.com"
                  value=""
                />
              </div>
              <div
                class="space-y-2 flex flex-col"
              >
                <label
                  class="text-sm font-medium leading-none peer-disabled:cursor-not-allowed peer-disabled:opacity-70"
                  for="password"
                >
                  Mot de passe
                </label>
                <input
                  aria-describedby=":r2:-form-item-description"
                  aria-invalid="false"
                  class="flex h-10 w-full rounded-md border border-input bg-background px-3 py-2 text-sm ring-offset-background file:border-0 file:bg-transparent file:text-sm file:font-medium placeholder:text-muted-foreground focus-visible:outline-none focus-visible:ring-2 focus-visible:ring-ring focus-visible:ring-offset-2 disabled:cursor-not-allowed disabled:opacity-50"
                  id=":r2:-form-item"
                  name="password"
                  placeholder="•••••••••••••"
                  type="password"
                  value=""
                />
              </div>
              <div
                class="space-y-2 flex flex-col"
              >
                <label
                  class="text-sm font-medium leading-none peer-disabled:cursor-not-allowed peer-disabled:opacity-70"
                  for="confirmPassword"
                >
                  Confirmation de mot de passe
                </label>
                <input
                  aria-describedby=":r3:-form-item-description"
                  aria-invalid="false"
                  class="flex h-10 w-full rounded-md border border-input bg-background px-3 py-2 text-sm ring-offset-background file:border-0 file:bg-transparent file:text-sm file:font-medium placeholder:text-muted-foreground focus-visible:outline-none focus-visible:ring-2 focus-visible:ring-ring focus-visible:ring-offset-2 disabled:cursor-not-allowed disabled:opacity-50"
                  id=":r3:-form-item"
                  name="confirmPassword"
                  placeholder="•••••••••••••"
                  type="password"
                  value=""
                />
              </div>
              <div
                class="flex flex-col gap-2"
              >
                <button
                  class="inline-flex items-center justify-center whitespace-nowrap rounded-md text-sm font-semibold ring-offset-background transition-colors focus-visible:outline-none focus-visible:ring-2 focus-visible:ring-ring focus-visible:ring-offset-2 disabled:pointer-events-none disabled:opacity-50 bg-primary text-primary-foreground hover:bg-primary/90 h-10 px-4 py-2 w-full"
                  type="submit"
                >
                  S'inscrire
                </button>
                <div
                  class="mt-4 text-center text-sm"
                >
                  Déjà un compte ? 
                   
                  <a
                    class="underline"
                    href="/login"
                  >
                    Se connecter
                  </a>
                </div>
              </div>
            </form>
          </div>
        </div>
      </div>
    </div>
  </body>,
  "container": <div>
    <div
      class="h-screen flex items-center justify-center"
    >
      <div
        class="rounded-lg border border-border bg-card text-card-foreground shadow-sm mx-auto max-w-md"
      >
        <div
          class="flex flex-col space-y-1.5 p-6"
        >
          <h3
            class="font-semibold tracking-tight text-2xl"
          >
            S'inscrire
          </h3>
          <p
            class="text-sm text-red-500"
          />
          <p
            class="text-sm text-muted-foreground"
          >
            Entrez vos informations pour créer un compte qui vous identifiera en jeu.
          </p>
        </div>
        <div
          class="p-6 pt-0"
        >
          <form
            class="flex flex-col gap-4"
          >
            <div
              class="space-y-2 flex flex-col"
            >
              <label
                class="text-sm font-medium leading-none peer-disabled:cursor-not-allowed peer-disabled:opacity-70"
                for="username"
              >
                Nom d'utilisateur
              </label>
              <input
                aria-describedby=":r0:-form-item-description"
                aria-invalid="false"
                class="flex h-10 w-full rounded-md border border-input bg-background px-3 py-2 text-sm ring-offset-background file:border-0 file:bg-transparent file:text-sm file:font-medium placeholder:text-muted-foreground focus-visible:outline-none focus-visible:ring-2 focus-visible:ring-ring focus-visible:ring-offset-2 disabled:cursor-not-allowed disabled:opacity-50"
                id=":r0:-form-item"
                name="username"
                placeholder="john.doe"
                value=""
              />
            </div>
            <div
              class="space-y-2 flex flex-col"
            >
              <label
                class="text-sm font-medium leading-none peer-disabled:cursor-not-allowed peer-disabled:opacity-70"
                for="email"
              >
                Adresse mail
              </label>
              <input
                aria-describedby=":r1:-form-item-description"
                aria-invalid="false"
                class="flex h-10 w-full rounded-md border border-input bg-background px-3 py-2 text-sm ring-offset-background file:border-0 file:bg-transparent file:text-sm file:font-medium placeholder:text-muted-foreground focus-visible:outline-none focus-visible:ring-2 focus-visible:ring-ring focus-visible:ring-offset-2 disabled:cursor-not-allowed disabled:opacity-50"
                id=":r1:-form-item"
                name="email"
                placeholder="john.doe@domain.com"
                value=""
              />
            </div>
            <div
              class="space-y-2 flex flex-col"
            >
              <label
                class="text-sm font-medium leading-none peer-disabled:cursor-not-allowed peer-disabled:opacity-70"
                for="password"
              >
                Mot de passe
              </label>
              <input
                aria-describedby=":r2:-form-item-description"
                aria-invalid="false"
                class="flex h-10 w-full rounded-md border border-input bg-background px-3 py-2 text-sm ring-offset-background file:border-0 file:bg-transparent file:text-sm file:font-medium placeholder:text-muted-foreground focus-visible:outline-none focus-visible:ring-2 focus-visible:ring-ring focus-visible:ring-offset-2 disabled:cursor-not-allowed disabled:opacity-50"
                id=":r2:-form-item"
                name="password"
                placeholder="•••••••••••••"
                type="password"
                value=""
              />
            </div>
            <div
              class="space-y-2 flex flex-col"
            >
              <label
                class="text-sm font-medium leading-none peer-disabled:cursor-not-allowed peer-disabled:opacity-70"
                for="confirmPassword"
              >
                Confirmation de mot de passe
              </label>
              <input
                aria-describedby=":r3:-form-item-description"
                aria-invalid="false"
                class="flex h-10 w-full rounded-md border border-input bg-background px-3 py-2 text-sm ring-offset-background file:border-0 file:bg-transparent file:text-sm file:font-medium placeholder:text-muted-foreground focus-visible:outline-none focus-visible:ring-2 focus-visible:ring-ring focus-visible:ring-offset-2 disabled:cursor-not-allowed disabled:opacity-50"
                id=":r3:-form-item"
                name="confirmPassword"
                placeholder="•••••••••••••"
                type="password"
                value=""
              />
            </div>
            <div
              class="flex flex-col gap-2"
            >
              <button
                class="inline-flex items-center justify-center whitespace-nowrap rounded-md text-sm font-semibold ring-offset-background transition-colors focus-visible:outline-none focus-visible:ring-2 focus-visible:ring-ring focus-visible:ring-offset-2 disabled:pointer-events-none disabled:opacity-50 bg-primary text-primary-foreground hover:bg-primary/90 h-10 px-4 py-2 w-full"
                type="submit"
              >
                S'inscrire
              </button>
              <div
                class="mt-4 text-center text-sm"
              >
                Déjà un compte ? 
                 
                <a
                  class="underline"
                  href="/login"
                >
                  Se connecter
                </a>
              </div>
            </div>
          </form>
        </div>
      </div>
    </div>
  </div>,
  "debug": [Function],
  "findAllByAltText": [Function],
  "findAllByDisplayValue": [Function],
  "findAllByLabelText": [Function],
  "findAllByPlaceholderText": [Function],
  "findAllByRole": [Function],
  "findAllByTestId": [Function],
  "findAllByText": [Function],
  "findAllByTitle": [Function],
  "findByAltText": [Function],
  "findByDisplayValue": [Function],
  "findByLabelText": [Function],
  "findByPlaceholderText": [Function],
  "findByRole": [Function],
  "findByTestId": [Function],
  "findByText": [Function],
  "findByTitle": [Function],
  "getAllByAltText": [Function],
  "getAllByDisplayValue": [Function],
  "getAllByLabelText": [Function],
  "getAllByPlaceholderText": [Function],
  "getAllByRole": [Function],
  "getAllByTestId": [Function],
  "getAllByText": [Function],
  "getAllByTitle": [Function],
  "getByAltText": [Function],
  "getByDisplayValue": [Function],
  "getByLabelText": [Function],
  "getByPlaceholderText": [Function],
  "getByRole": [Function],
  "getByTestId": [Function],
  "getByText": [Function],
  "getByTitle": [Function],
  "queryAllByAltText": [Function],
  "queryAllByDisplayValue": [Function],
  "queryAllByLabelText": [Function],
  "queryAllByPlaceholderText": [Function],
  "queryAllByRole": [Function],
  "queryAllByTestId": [Function],
  "queryAllByText": [Function],
  "queryAllByTitle": [Function],
  "queryByAltText": [Function],
  "queryByDisplayValue": [Function],
  "queryByLabelText": [Function],
  "queryByPlaceholderText": [Function],
  "queryByRole": [Function],
  "queryByTestId": [Function],
  "queryByText": [Function],
  "queryByTitle": [Function],
  "rerender": [Function],
  "unmount": [Function],
}
`;
