// Jest Snapshot v1, https://goo.gl/fbAQLP

exports[`<UsersTable /> should render successfully 1`] = `
{
  "asFragment": [Function],
  "baseElement": <body>
    <div>
      <div
        class="mt-6"
      >
        <div
          class="rounded-lg border border-border bg-card text-card-foreground shadow-sm"
        >
          <div
            class="flex flex-col space-y-1.5 p-6"
          >
            <h3
              class="text-2xl font-semibold leading-none tracking-tight"
            >
              Utilisateurs
            </h3>
            <p
              class="text-sm text-muted-foreground"
            >
              Lorem ipsum, dolor sit amet consectetur adipisicing elit. Rerum, odio?
            </p>
          </div>
          <div
            class="p-6 pt-0"
          >
            <div
              class="flex justify-end gap-2 pb-4"
            >
              <button
                aria-controls="radix-:r0:"
                aria-expanded="false"
                aria-haspopup="dialog"
                class="items-center justify-center whitespace-nowrap rounded-md text-sm font-semibold ring-offset-background transition-colors focus-visible:outline-none focus-visible:ring-2 focus-visible:ring-ring focus-visible:ring-offset-2 disabled:pointer-events-none disabled:opacity-50 bg-primary text-primary-foreground hover:bg-primary/90 h-10 px-4 py-2 mr-auto flex gap-2"
                data-state="closed"
                type="button"
              >
                <svg
                  class="lucide lucide-plus w-5 h-5"
                  fill="none"
                  height="24"
                  stroke="currentColor"
                  stroke-linecap="round"
                  stroke-linejoin="round"
                  stroke-width="2"
                  viewBox="0 0 24 24"
                  width="24"
                  xmlns="http://www.w3.org/2000/svg"
                >
                  <path
                    d="M5 12h14"
                  />
                  <path
                    d="M12 5v14"
                  />
                </svg>
                Ajouter un utilisateur
              </button>
              <div
                class="relative lg:w-96"
              >
                <svg
                  class="lucide lucide-search absolute left-2.5 top-2.5 h-4 w-4 text-muted-foreground"
                  fill="none"
                  height="24"
                  stroke="currentColor"
                  stroke-linecap="round"
                  stroke-linejoin="round"
                  stroke-width="2"
                  viewBox="0 0 24 24"
                  width="24"
                  xmlns="http://www.w3.org/2000/svg"
                >
                  <circle
                    cx="11"
                    cy="11"
                    r="8"
                  />
                  <path
                    d="m21 21-4.3-4.3"
                  />
                </svg>
                <input
                  class="flex h-10 w-full rounded-md border border-input bg-background px-3 py-2 text-sm ring-offset-background file:border-0 file:bg-transparent file:text-sm file:font-medium placeholder:text-muted-foreground focus-visible:outline-none focus-visible:ring-2 focus-visible:ring-ring focus-visible:ring-offset-2 disabled:cursor-not-allowed disabled:opacity-50 pl-8"
                  placeholder="Rechercher"
                />
              </div>
              <button
                aria-expanded="false"
                aria-haspopup="menu"
                class="inline-flex items-center justify-center whitespace-nowrap font-semibold ring-offset-background transition-colors focus-visible:outline-none focus-visible:ring-2 focus-visible:ring-ring focus-visible:ring-offset-2 disabled:pointer-events-none disabled:opacity-50 border border-input bg-background hover:bg-accent hover:text-accent-foreground h-9 rounded-md px-3 gap-1 text-sm"
                data-state="closed"
                id="radix-:r3:"
                type="button"
              >
                <svg
                  class="lucide lucide-list-filter h-3.5 w-3.5"
                  fill="none"
                  height="24"
                  stroke="currentColor"
                  stroke-linecap="round"
                  stroke-linejoin="round"
                  stroke-width="2"
                  viewBox="0 0 24 24"
                  width="24"
                  xmlns="http://www.w3.org/2000/svg"
                >
                  <path
                    d="M3 6h18"
                  />
                  <path
                    d="M7 12h10"
                  />
                  <path
                    d="M10 18h4"
                  />
                </svg>
                <span>
                  Filtrer
                </span>
              </button>
            </div>
            <div
              class="relative w-full overflow-auto"
            >
              <table
                class="w-full caption-bottom text-sm"
              >
                <thead
                  class="[&_tr]:border-b"
                >
                  <tr
                    class="border-b border-border transition-colors hover:bg-muted/50 data-[state=selected]:bg-muted"
                  >
                    <th
                      class="h-12 px-4 text-left align-middle font-medium text-muted-foreground [&:has([role=checkbox])]:pr-0"
                    >
                      Utilisateur
                    </th>
                    <th
                      class="h-12 px-4 text-left align-middle font-medium text-muted-foreground [&:has([role=checkbox])]:pr-0"
                    >
                      ID
                    </th>
                    <th
                      class="h-12 px-4 text-left align-middle font-medium text-muted-foreground [&:has([role=checkbox])]:pr-0"
                    >
                      Role
                    </th>
                    <th
                      class="h-12 px-4 text-left align-middle font-medium text-muted-foreground [&:has([role=checkbox])]:pr-0"
                    >
                      Date d'inscription
                    </th>
                  </tr>
                </thead>
                <tbody
                  class="[&_tr:last-child]:border-0"
                >
                  <tr
                    class="border-b border-border transition-colors hover:bg-muted/50 data-[state=selected]:bg-muted cursor-pointer"
                  >
                    <td
                      class="p-4 align-middle [&:has([role=checkbox])]:pr-0"
                    >
                      <div
                        class="flex gap-4"
                      >
                        <img
                          alt="John Doe"
                          class="w-10 h-10 rounded"
                          src="someawesomeprofileicon.com"
                        />
                        <div>
                          <p
                            class="font-semibold"
                          >
                            John Doe
                          </p>
                          <p
                            class="text-muted-foreground"
                          >
                            johndoe@domain.com
                          </p>
                        </div>
                      </div>
                    </td>
                    <td
                      class="p-4 align-middle [&:has([role=checkbox])]:pr-0"
                    >
                      <p>
                        1
                      </p>
                    </td>
                    <td
                      class="p-4 align-middle [&:has([role=checkbox])]:pr-0"
                    >
                      <div
                        class="rounded-full border px-2.5 py-0.5 text-xs font-semibold transition-colors focus:outline-none focus:ring-2 focus:ring-ring focus:ring-offset-2 border-transparent bg-secondary text-secondary-foreground hover:bg-secondary/80 gap-2 flex items-center w-fit"
                      >
                        <div
                          class="w-2 h-2 bg-neutral-50 rounded-full"
                        />
                        Joueur
                      </div>
                    </td>
                    <td
                      class="p-4 align-middle [&:has([role=checkbox])]:pr-0"
                    >
                      <p>
                        07/05/2024
                      </p>
                    </td>
                    <td
                      class="p-4 align-middle [&:has([role=checkbox])]:pr-0"
                    >
                      <button
                        aria-expanded="false"
                        aria-haspopup="true"
                        class="inline-flex items-center justify-center whitespace-nowrap rounded-md text-sm font-semibold ring-offset-background transition-colors focus-visible:outline-none focus-visible:ring-2 focus-visible:ring-ring focus-visible:ring-offset-2 disabled:pointer-events-none disabled:opacity-50 hover:bg-accent hover:text-accent-foreground h-10 w-10"
                        data-state="closed"
                        id="radix-:r7:"
                        type="button"
                      >
                        <svg
                          class="lucide lucide-ellipsis"
                          fill="none"
                          height="24"
                          stroke="currentColor"
                          stroke-linecap="round"
                          stroke-linejoin="round"
                          stroke-width="2"
                          viewBox="0 0 24 24"
                          width="24"
                          xmlns="http://www.w3.org/2000/svg"
                        >
                          <circle
                            cx="12"
                            cy="12"
                            r="1"
                          />
                          <circle
                            cx="19"
                            cy="12"
                            r="1"
                          />
                          <circle
                            cx="5"
                            cy="12"
                            r="1"
                          />
                        </svg>
                      </button>
                    </td>
                  </tr>
                </tbody>
              </table>
            </div>
          </div>
          <div
            class="flex items-center p-6 pt-0"
          >
            <nav
              aria-label="pagination"
              class="mx-auto flex w-full justify-center"
              role="navigation"
            >
              <ul
                class="flex flex-row items-center gap-1"
              >
                <li
                  class=""
                >
                  <a
                    aria-label="Go to previous page"
                    class="inline-flex items-center justify-center whitespace-nowrap rounded-md text-sm font-semibold ring-offset-background transition-colors focus-visible:outline-none focus-visible:ring-2 focus-visible:ring-ring focus-visible:ring-offset-2 disabled:pointer-events-none disabled:opacity-50 hover:bg-accent hover:text-accent-foreground h-10 px-4 py-2 gap-1 pl-2.5"
                    href="#"
                  >
                    <svg
                      class="lucide lucide-chevron-left h-4 w-4"
                      fill="none"
                      height="24"
                      stroke="currentColor"
                      stroke-linecap="round"
                      stroke-linejoin="round"
                      stroke-width="2"
                      viewBox="0 0 24 24"
                      width="24"
                      xmlns="http://www.w3.org/2000/svg"
                    >
                      <path
                        d="m15 18-6-6 6-6"
                      />
                    </svg>
                    <span>
                      Précédent
                    </span>
                  </a>
                </li>
                <li
                  class=""
                >
                  <a
                    aria-current="page"
                    class="inline-flex items-center justify-center whitespace-nowrap rounded-md text-sm font-semibold ring-offset-background transition-colors focus-visible:outline-none focus-visible:ring-2 focus-visible:ring-ring focus-visible:ring-offset-2 disabled:pointer-events-none disabled:opacity-50 border border-input bg-background hover:bg-accent hover:text-accent-foreground h-10 w-10"
                    href="#"
                  >
                    1
                  </a>
                </li>
                <li
                  class=""
                >
                  <a
                    class="inline-flex items-center justify-center whitespace-nowrap rounded-md text-sm font-semibold ring-offset-background transition-colors focus-visible:outline-none focus-visible:ring-2 focus-visible:ring-ring focus-visible:ring-offset-2 disabled:pointer-events-none disabled:opacity-50 hover:bg-accent hover:text-accent-foreground h-10 w-10 cursor-pointer"
                  >
                    2
                  </a>
                </li>
                <li
                  class=""
                >
                  <a
                    class="inline-flex items-center justify-center whitespace-nowrap rounded-md text-sm font-semibold ring-offset-background transition-colors focus-visible:outline-none focus-visible:ring-2 focus-visible:ring-ring focus-visible:ring-offset-2 disabled:pointer-events-none disabled:opacity-50 hover:bg-accent hover:text-accent-foreground h-10 w-10 cursor-pointer"
                  >
                    3
                  </a>
                </li>
                <li
                  class=""
                >
                  <span
                    aria-hidden="true"
                    class="flex h-9 w-9 items-center justify-center"
                  >
                    <svg
                      class="lucide lucide-ellipsis h-4 w-4"
                      fill="none"
                      height="24"
                      stroke="currentColor"
                      stroke-linecap="round"
                      stroke-linejoin="round"
                      stroke-width="2"
                      viewBox="0 0 24 24"
                      width="24"
                      xmlns="http://www.w3.org/2000/svg"
                    >
                      <circle
                        cx="12"
                        cy="12"
                        r="1"
                      />
                      <circle
                        cx="19"
                        cy="12"
                        r="1"
                      />
                      <circle
                        cx="5"
                        cy="12"
                        r="1"
                      />
                    </svg>
                    <span
                      class="sr-only"
                    >
                      More pages
                    </span>
                  </span>
                </li>
                <li
                  class=""
                >
                  <a
                    aria-label="Go to next page"
                    class="inline-flex items-center justify-center whitespace-nowrap rounded-md text-sm font-semibold ring-offset-background transition-colors focus-visible:outline-none focus-visible:ring-2 focus-visible:ring-ring focus-visible:ring-offset-2 disabled:pointer-events-none disabled:opacity-50 hover:bg-accent hover:text-accent-foreground h-10 px-4 py-2 gap-1 pr-2.5"
                    href="#"
                  >
                    <span>
                      Suivant
                    </span>
                    <svg
                      class="lucide lucide-chevron-right h-4 w-4"
                      fill="none"
                      height="24"
                      stroke="currentColor"
                      stroke-linecap="round"
                      stroke-linejoin="round"
                      stroke-width="2"
                      viewBox="0 0 24 24"
                      width="24"
                      xmlns="http://www.w3.org/2000/svg"
                    >
                      <path
                        d="m9 18 6-6-6-6"
                      />
                    </svg>
                  </a>
                </li>
              </ul>
            </nav>
          </div>
        </div>
      </div>
    </div>
  </body>,
  "container": <div>
    <div
      class="mt-6"
    >
      <div
        class="rounded-lg border border-border bg-card text-card-foreground shadow-sm"
      >
        <div
          class="flex flex-col space-y-1.5 p-6"
        >
          <h3
            class="text-2xl font-semibold leading-none tracking-tight"
          >
            Utilisateurs
          </h3>
          <p
            class="text-sm text-muted-foreground"
          >
            Lorem ipsum, dolor sit amet consectetur adipisicing elit. Rerum, odio?
          </p>
        </div>
        <div
          class="p-6 pt-0"
        >
          <div
            class="flex justify-end gap-2 pb-4"
          >
            <button
              aria-controls="radix-:r0:"
              aria-expanded="false"
              aria-haspopup="dialog"
              class="items-center justify-center whitespace-nowrap rounded-md text-sm font-semibold ring-offset-background transition-colors focus-visible:outline-none focus-visible:ring-2 focus-visible:ring-ring focus-visible:ring-offset-2 disabled:pointer-events-none disabled:opacity-50 bg-primary text-primary-foreground hover:bg-primary/90 h-10 px-4 py-2 mr-auto flex gap-2"
              data-state="closed"
              type="button"
            >
              <svg
                class="lucide lucide-plus w-5 h-5"
                fill="none"
                height="24"
                stroke="currentColor"
                stroke-linecap="round"
                stroke-linejoin="round"
                stroke-width="2"
                viewBox="0 0 24 24"
                width="24"
                xmlns="http://www.w3.org/2000/svg"
              >
                <path
                  d="M5 12h14"
                />
                <path
                  d="M12 5v14"
                />
              </svg>
              Ajouter un utilisateur
            </button>
            <div
              class="relative lg:w-96"
            >
              <svg
                class="lucide lucide-search absolute left-2.5 top-2.5 h-4 w-4 text-muted-foreground"
                fill="none"
                height="24"
                stroke="currentColor"
                stroke-linecap="round"
                stroke-linejoin="round"
                stroke-width="2"
                viewBox="0 0 24 24"
                width="24"
                xmlns="http://www.w3.org/2000/svg"
              >
                <circle
                  cx="11"
                  cy="11"
                  r="8"
                />
                <path
                  d="m21 21-4.3-4.3"
                />
              </svg>
              <input
                class="flex h-10 w-full rounded-md border border-input bg-background px-3 py-2 text-sm ring-offset-background file:border-0 file:bg-transparent file:text-sm file:font-medium placeholder:text-muted-foreground focus-visible:outline-none focus-visible:ring-2 focus-visible:ring-ring focus-visible:ring-offset-2 disabled:cursor-not-allowed disabled:opacity-50 pl-8"
                placeholder="Rechercher"
              />
            </div>
            <button
              aria-expanded="false"
              aria-haspopup="menu"
              class="inline-flex items-center justify-center whitespace-nowrap font-semibold ring-offset-background transition-colors focus-visible:outline-none focus-visible:ring-2 focus-visible:ring-ring focus-visible:ring-offset-2 disabled:pointer-events-none disabled:opacity-50 border border-input bg-background hover:bg-accent hover:text-accent-foreground h-9 rounded-md px-3 gap-1 text-sm"
              data-state="closed"
              id="radix-:r3:"
              type="button"
            >
              <svg
                class="lucide lucide-list-filter h-3.5 w-3.5"
                fill="none"
                height="24"
                stroke="currentColor"
                stroke-linecap="round"
                stroke-linejoin="round"
                stroke-width="2"
                viewBox="0 0 24 24"
                width="24"
                xmlns="http://www.w3.org/2000/svg"
              >
                <path
                  d="M3 6h18"
                />
                <path
                  d="M7 12h10"
                />
                <path
                  d="M10 18h4"
                />
              </svg>
              <span>
                Filtrer
              </span>
            </button>
          </div>
          <div
            class="relative w-full overflow-auto"
          >
            <table
              class="w-full caption-bottom text-sm"
            >
              <thead
                class="[&_tr]:border-b"
              >
                <tr
                  class="border-b border-border transition-colors hover:bg-muted/50 data-[state=selected]:bg-muted"
                >
                  <th
                    class="h-12 px-4 text-left align-middle font-medium text-muted-foreground [&:has([role=checkbox])]:pr-0"
                  >
                    Utilisateur
                  </th>
                  <th
                    class="h-12 px-4 text-left align-middle font-medium text-muted-foreground [&:has([role=checkbox])]:pr-0"
                  >
                    ID
                  </th>
                  <th
                    class="h-12 px-4 text-left align-middle font-medium text-muted-foreground [&:has([role=checkbox])]:pr-0"
                  >
                    Role
                  </th>
                  <th
                    class="h-12 px-4 text-left align-middle font-medium text-muted-foreground [&:has([role=checkbox])]:pr-0"
                  >
                    Date d'inscription
                  </th>
                </tr>
              </thead>
              <tbody
                class="[&_tr:last-child]:border-0"
              >
                <tr
                  class="border-b border-border transition-colors hover:bg-muted/50 data-[state=selected]:bg-muted cursor-pointer"
                >
                  <td
                    class="p-4 align-middle [&:has([role=checkbox])]:pr-0"
                  >
                    <div
                      class="flex gap-4"
                    >
                      <img
                        alt="John Doe"
                        class="w-10 h-10 rounded"
                        src="someawesomeprofileicon.com"
                      />
                      <div>
                        <p
                          class="font-semibold"
                        >
                          John Doe
                        </p>
                        <p
                          class="text-muted-foreground"
                        >
                          johndoe@domain.com
                        </p>
                      </div>
                    </div>
                  </td>
                  <td
                    class="p-4 align-middle [&:has([role=checkbox])]:pr-0"
                  >
                    <p>
                      1
                    </p>
                  </td>
                  <td
                    class="p-4 align-middle [&:has([role=checkbox])]:pr-0"
                  >
                    <div
                      class="rounded-full border px-2.5 py-0.5 text-xs font-semibold transition-colors focus:outline-none focus:ring-2 focus:ring-ring focus:ring-offset-2 border-transparent bg-secondary text-secondary-foreground hover:bg-secondary/80 gap-2 flex items-center w-fit"
                    >
                      <div
                        class="w-2 h-2 bg-neutral-50 rounded-full"
                      />
                      Joueur
                    </div>
                  </td>
                  <td
                    class="p-4 align-middle [&:has([role=checkbox])]:pr-0"
                  >
                    <p>
                      07/05/2024
                    </p>
                  </td>
                  <td
                    class="p-4 align-middle [&:has([role=checkbox])]:pr-0"
                  >
                    <button
                      aria-expanded="false"
                      aria-haspopup="true"
                      class="inline-flex items-center justify-center whitespace-nowrap rounded-md text-sm font-semibold ring-offset-background transition-colors focus-visible:outline-none focus-visible:ring-2 focus-visible:ring-ring focus-visible:ring-offset-2 disabled:pointer-events-none disabled:opacity-50 hover:bg-accent hover:text-accent-foreground h-10 w-10"
                      data-state="closed"
                      id="radix-:r7:"
                      type="button"
                    >
                      <svg
                        class="lucide lucide-ellipsis"
                        fill="none"
                        height="24"
                        stroke="currentColor"
                        stroke-linecap="round"
                        stroke-linejoin="round"
                        stroke-width="2"
                        viewBox="0 0 24 24"
                        width="24"
                        xmlns="http://www.w3.org/2000/svg"
                      >
                        <circle
                          cx="12"
                          cy="12"
                          r="1"
                        />
                        <circle
                          cx="19"
                          cy="12"
                          r="1"
                        />
                        <circle
                          cx="5"
                          cy="12"
                          r="1"
                        />
                      </svg>
                    </button>
                  </td>
                </tr>
              </tbody>
            </table>
          </div>
        </div>
        <div
          class="flex items-center p-6 pt-0"
        >
          <nav
            aria-label="pagination"
            class="mx-auto flex w-full justify-center"
            role="navigation"
          >
            <ul
              class="flex flex-row items-center gap-1"
            >
              <li
                class=""
              >
                <a
                  aria-label="Go to previous page"
                  class="inline-flex items-center justify-center whitespace-nowrap rounded-md text-sm font-semibold ring-offset-background transition-colors focus-visible:outline-none focus-visible:ring-2 focus-visible:ring-ring focus-visible:ring-offset-2 disabled:pointer-events-none disabled:opacity-50 hover:bg-accent hover:text-accent-foreground h-10 px-4 py-2 gap-1 pl-2.5"
                  href="#"
                >
                  <svg
                    class="lucide lucide-chevron-left h-4 w-4"
                    fill="none"
                    height="24"
                    stroke="currentColor"
                    stroke-linecap="round"
                    stroke-linejoin="round"
                    stroke-width="2"
                    viewBox="0 0 24 24"
                    width="24"
                    xmlns="http://www.w3.org/2000/svg"
                  >
                    <path
                      d="m15 18-6-6 6-6"
                    />
                  </svg>
                  <span>
                    Précédent
                  </span>
                </a>
              </li>
              <li
                class=""
              >
                <a
                  aria-current="page"
                  class="inline-flex items-center justify-center whitespace-nowrap rounded-md text-sm font-semibold ring-offset-background transition-colors focus-visible:outline-none focus-visible:ring-2 focus-visible:ring-ring focus-visible:ring-offset-2 disabled:pointer-events-none disabled:opacity-50 border border-input bg-background hover:bg-accent hover:text-accent-foreground h-10 w-10"
                  href="#"
                >
                  1
                </a>
              </li>
              <li
                class=""
              >
                <a
                  class="inline-flex items-center justify-center whitespace-nowrap rounded-md text-sm font-semibold ring-offset-background transition-colors focus-visible:outline-none focus-visible:ring-2 focus-visible:ring-ring focus-visible:ring-offset-2 disabled:pointer-events-none disabled:opacity-50 hover:bg-accent hover:text-accent-foreground h-10 w-10 cursor-pointer"
                >
                  2
                </a>
              </li>
              <li
                class=""
              >
                <a
                  class="inline-flex items-center justify-center whitespace-nowrap rounded-md text-sm font-semibold ring-offset-background transition-colors focus-visible:outline-none focus-visible:ring-2 focus-visible:ring-ring focus-visible:ring-offset-2 disabled:pointer-events-none disabled:opacity-50 hover:bg-accent hover:text-accent-foreground h-10 w-10 cursor-pointer"
                >
                  3
                </a>
              </li>
              <li
                class=""
              >
                <span
                  aria-hidden="true"
                  class="flex h-9 w-9 items-center justify-center"
                >
                  <svg
                    class="lucide lucide-ellipsis h-4 w-4"
                    fill="none"
                    height="24"
                    stroke="currentColor"
                    stroke-linecap="round"
                    stroke-linejoin="round"
                    stroke-width="2"
                    viewBox="0 0 24 24"
                    width="24"
                    xmlns="http://www.w3.org/2000/svg"
                  >
                    <circle
                      cx="12"
                      cy="12"
                      r="1"
                    />
                    <circle
                      cx="19"
                      cy="12"
                      r="1"
                    />
                    <circle
                      cx="5"
                      cy="12"
                      r="1"
                    />
                  </svg>
                  <span
                    class="sr-only"
                  >
                    More pages
                  </span>
                </span>
              </li>
              <li
                class=""
              >
                <a
                  aria-label="Go to next page"
                  class="inline-flex items-center justify-center whitespace-nowrap rounded-md text-sm font-semibold ring-offset-background transition-colors focus-visible:outline-none focus-visible:ring-2 focus-visible:ring-ring focus-visible:ring-offset-2 disabled:pointer-events-none disabled:opacity-50 hover:bg-accent hover:text-accent-foreground h-10 px-4 py-2 gap-1 pr-2.5"
                  href="#"
                >
                  <span>
                    Suivant
                  </span>
                  <svg
                    class="lucide lucide-chevron-right h-4 w-4"
                    fill="none"
                    height="24"
                    stroke="currentColor"
                    stroke-linecap="round"
                    stroke-linejoin="round"
                    stroke-width="2"
                    viewBox="0 0 24 24"
                    width="24"
                    xmlns="http://www.w3.org/2000/svg"
                  >
                    <path
                      d="m9 18 6-6-6-6"
                    />
                  </svg>
                </a>
              </li>
            </ul>
          </nav>
        </div>
      </div>
    </div>
  </div>,
  "debug": [Function],
  "findAllByAltText": [Function],
  "findAllByDisplayValue": [Function],
  "findAllByLabelText": [Function],
  "findAllByPlaceholderText": [Function],
  "findAllByRole": [Function],
  "findAllByTestId": [Function],
  "findAllByText": [Function],
  "findAllByTitle": [Function],
  "findByAltText": [Function],
  "findByDisplayValue": [Function],
  "findByLabelText": [Function],
  "findByPlaceholderText": [Function],
  "findByRole": [Function],
  "findByTestId": [Function],
  "findByText": [Function],
  "findByTitle": [Function],
  "getAllByAltText": [Function],
  "getAllByDisplayValue": [Function],
  "getAllByLabelText": [Function],
  "getAllByPlaceholderText": [Function],
  "getAllByRole": [Function],
  "getAllByTestId": [Function],
  "getAllByText": [Function],
  "getAllByTitle": [Function],
  "getByAltText": [Function],
  "getByDisplayValue": [Function],
  "getByLabelText": [Function],
  "getByPlaceholderText": [Function],
  "getByRole": [Function],
  "getByTestId": [Function],
  "getByText": [Function],
  "getByTitle": [Function],
  "queryAllByAltText": [Function],
  "queryAllByDisplayValue": [Function],
  "queryAllByLabelText": [Function],
  "queryAllByPlaceholderText": [Function],
  "queryAllByRole": [Function],
  "queryAllByTestId": [Function],
  "queryAllByText": [Function],
  "queryAllByTitle": [Function],
  "queryByAltText": [Function],
  "queryByDisplayValue": [Function],
  "queryByLabelText": [Function],
  "queryByPlaceholderText": [Function],
  "queryByRole": [Function],
  "queryByTestId": [Function],
  "queryByText": [Function],
  "queryByTitle": [Function],
  "rerender": [Function],
  "unmount": [Function],
}
`;
