// Jest Snapshot v1, https://goo.gl/fbAQLP

exports[`<AccountEditUsernameFOrm> should render successfully 1`] = `
{
  "asFragment": [Function],
  "baseElement": <body>
    <div>
      <div
        class="rounded-lg border border-border bg-card text-card-foreground shadow-sm"
      >
        <div
          class="flex flex-col space-y-1.5 p-6"
        >
          <h3
            class="tracking-tight text-xl font-semibold"
          >
            Nom d'utilisateur
          </h3>
          <p
            class="text-sm text-muted-foreground"
          >
            Le nom d'utilisateur est utilisé pour vous différencier des autres joueurs.
          </p>
        </div>
        <form>
          <div
            class="p-6 pt-0"
          >
            <div
              class="space-y-2"
            >
              <input
                aria-describedby=":r0:-form-item-description"
                aria-invalid="false"
                class="flex h-10 rounded-md border border-input bg-background px-3 py-2 text-sm ring-offset-background file:border-0 file:bg-transparent file:text-sm file:font-medium placeholder:text-muted-foreground focus-visible:outline-none focus-visible:ring-2 focus-visible:ring-ring focus-visible:ring-offset-2 disabled:cursor-not-allowed disabled:opacity-50 mt-3 w-80"
                id=":r0:-form-item"
                name="username"
                placeholder="Imperator"
                type="text"
                value="John"
              />
            </div>
          </div>
          <div
            class="flex items-center p-6 border-t border-border px-6 py-2"
          >
            <div
              class="flex justify-between items-center w-full"
            >
              <p
                class="text-sm text-muted-foreground"
              >
                Veuillez ne pas dépasser 20 caractères.
              </p>
              <button
                class="inline-flex items-center justify-center whitespace-nowrap rounded-md text-sm font-semibold ring-offset-background transition-colors focus-visible:outline-none focus-visible:ring-2 focus-visible:ring-ring focus-visible:ring-offset-2 disabled:pointer-events-none disabled:opacity-50 bg-primary text-primary-foreground hover:bg-primary/90 h-10 px-4 py-2"
                type="submit"
              >
                Sauvegarder
              </button>
            </div>
          </div>
        </form>
      </div>
    </div>
  </body>,
  "container": <div>
    <div
      class="rounded-lg border border-border bg-card text-card-foreground shadow-sm"
    >
      <div
        class="flex flex-col space-y-1.5 p-6"
      >
        <h3
          class="tracking-tight text-xl font-semibold"
        >
          Nom d'utilisateur
        </h3>
        <p
          class="text-sm text-muted-foreground"
        >
          Le nom d'utilisateur est utilisé pour vous différencier des autres joueurs.
        </p>
      </div>
      <form>
        <div
          class="p-6 pt-0"
        >
          <div
            class="space-y-2"
          >
            <input
              aria-describedby=":r0:-form-item-description"
              aria-invalid="false"
              class="flex h-10 rounded-md border border-input bg-background px-3 py-2 text-sm ring-offset-background file:border-0 file:bg-transparent file:text-sm file:font-medium placeholder:text-muted-foreground focus-visible:outline-none focus-visible:ring-2 focus-visible:ring-ring focus-visible:ring-offset-2 disabled:cursor-not-allowed disabled:opacity-50 mt-3 w-80"
              id=":r0:-form-item"
              name="username"
              placeholder="Imperator"
              type="text"
              value="John"
            />
          </div>
        </div>
        <div
          class="flex items-center p-6 border-t border-border px-6 py-2"
        >
          <div
            class="flex justify-between items-center w-full"
          >
            <p
              class="text-sm text-muted-foreground"
            >
              Veuillez ne pas dépasser 20 caractères.
            </p>
            <button
              class="inline-flex items-center justify-center whitespace-nowrap rounded-md text-sm font-semibold ring-offset-background transition-colors focus-visible:outline-none focus-visible:ring-2 focus-visible:ring-ring focus-visible:ring-offset-2 disabled:pointer-events-none disabled:opacity-50 bg-primary text-primary-foreground hover:bg-primary/90 h-10 px-4 py-2"
              type="submit"
            >
              Sauvegarder
            </button>
          </div>
        </div>
      </form>
    </div>
  </div>,
  "debug": [Function],
  "findAllByAltText": [Function],
  "findAllByDisplayValue": [Function],
  "findAllByLabelText": [Function],
  "findAllByPlaceholderText": [Function],
  "findAllByRole": [Function],
  "findAllByTestId": [Function],
  "findAllByText": [Function],
  "findAllByTitle": [Function],
  "findByAltText": [Function],
  "findByDisplayValue": [Function],
  "findByLabelText": [Function],
  "findByPlaceholderText": [Function],
  "findByRole": [Function],
  "findByTestId": [Function],
  "findByText": [Function],
  "findByTitle": [Function],
  "getAllByAltText": [Function],
  "getAllByDisplayValue": [Function],
  "getAllByLabelText": [Function],
  "getAllByPlaceholderText": [Function],
  "getAllByRole": [Function],
  "getAllByTestId": [Function],
  "getAllByText": [Function],
  "getAllByTitle": [Function],
  "getByAltText": [Function],
  "getByDisplayValue": [Function],
  "getByLabelText": [Function],
  "getByPlaceholderText": [Function],
  "getByRole": [Function],
  "getByTestId": [Function],
  "getByText": [Function],
  "getByTitle": [Function],
  "queryAllByAltText": [Function],
  "queryAllByDisplayValue": [Function],
  "queryAllByLabelText": [Function],
  "queryAllByPlaceholderText": [Function],
  "queryAllByRole": [Function],
  "queryAllByTestId": [Function],
  "queryAllByText": [Function],
  "queryAllByTitle": [Function],
  "queryByAltText": [Function],
  "queryByDisplayValue": [Function],
  "queryByLabelText": [Function],
  "queryByPlaceholderText": [Function],
  "queryByRole": [Function],
  "queryByTestId": [Function],
  "queryByText": [Function],
  "queryByTitle": [Function],
  "rerender": [Function],
  "unmount": [Function],
}
`;
