// Jest Snapshot v1, https://goo.gl/fbAQLP

exports[`<AddRoleDialog /> should render successfully 1`] = `
{
  "asFragment": [Function],
  "baseElement": <body
    data-scroll-locked="1"
    style="pointer-events: none;"
  >
    <span
      aria-hidden="true"
      data-aria-hidden="true"
      data-radix-focus-guard=""
      style="outline: none; opacity: 0; position: fixed; pointer-events: none;"
      tabindex="0"
    />
    <div
      aria-hidden="true"
      data-aria-hidden="true"
    />
    <div
      aria-hidden="true"
      class="fixed inset-0 z-50 bg-black/80 data-[state=open]:animate-in data-[state=closed]:animate-out data-[state=closed]:fade-out-0 data-[state=open]:fade-in-0"
      data-aria-hidden="true"
      data-state="open"
      style="pointer-events: auto;"
    />
    <div
      aria-describedby="radix-:r2:"
      aria-labelledby="radix-:r1:"
      class="fixed left-[50%] top-[50%] z-50 grid w-full max-w-lg translate-x-[-50%] translate-y-[-50%] gap-4 border border-border bg-background p-6 shadow-lg duration-200 data-[state=open]:animate-in data-[state=closed]:animate-out data-[state=closed]:fade-out-0 data-[state=open]:fade-in-0 data-[state=closed]:zoom-out-95 data-[state=open]:zoom-in-95 data-[state=closed]:slide-out-to-left-1/2 data-[state=closed]:slide-out-to-top-[48%] data-[state=open]:slide-in-from-left-1/2 data-[state=open]:slide-in-from-top-[48%] sm:rounded-lg"
      data-state="open"
      id="radix-:r0:"
      role="dialog"
      style="pointer-events: auto;"
      tabindex="-1"
    >
      <div
        class="flex flex-col space-y-1.5 text-center sm:text-left"
      >
        <h2
          class="text-lg font-semibold leading-none tracking-tight"
          id="radix-:r1:"
        >
          Ajouter un role
        </h2>
        <p
          class="text-sm text-muted-foreground"
          id="radix-:r2:"
        >
          Lorem ipsum dolor sit amet consectetur adipisicing elit. Vel, blanditiis!
        </p>
      </div>
      <form>
        <div
          class="space-y-2"
        >
          <label
            class="text-sm font-medium leading-none peer-disabled:cursor-not-allowed peer-disabled:opacity-70"
          >
            Nom du role
          </label>
          <input
            class="flex h-10 w-full rounded-md border border-input bg-background px-3 py-2 text-sm ring-offset-background file:border-0 file:bg-transparent file:text-sm file:font-medium placeholder:text-muted-foreground focus-visible:outline-none focus-visible:ring-2 focus-visible:ring-ring focus-visible:ring-offset-2 disabled:cursor-not-allowed disabled:opacity-50"
            name="name"
            placeholder="ModÃ©rateur"
            value=""
          />
        </div>
        <div
          class="flex flex-col-reverse sm:flex-row sm:justify-end sm:space-x-2 mt-4"
        >
          <button
            class="inline-flex items-center justify-center whitespace-nowrap rounded-md text-sm font-semibold ring-offset-background transition-colors focus-visible:outline-none focus-visible:ring-2 focus-visible:ring-ring focus-visible:ring-offset-2 disabled:pointer-events-none disabled:opacity-50 bg-primary text-primary-foreground hover:bg-primary/90 h-10 px-4 py-2"
            type="submit"
          >
            Sauvegarder
          </button>
        </div>
      </form>
      <button
        class="absolute right-4 top-4 rounded-sm opacity-70 ring-offset-background transition-opacity hover:opacity-100 focus:outline-none focus:ring-2 focus:ring-ring focus:ring-offset-2 disabled:pointer-events-none data-[state=open]:bg-accent data-[state=open]:text-muted-foreground"
        type="button"
      >
        <svg
          class="lucide lucide-x h-4 w-4"
          fill="none"
          height="24"
          stroke="currentColor"
          stroke-linecap="round"
          stroke-linejoin="round"
          stroke-width="2"
          viewBox="0 0 24 24"
          width="24"
          xmlns="http://www.w3.org/2000/svg"
        >
          <path
            d="M18 6 6 18"
          />
          <path
            d="m6 6 12 12"
          />
        </svg>
        <span
          class="sr-only"
        >
          Close
        </span>
      </button>
    </div>
    <span
      aria-hidden="true"
      data-aria-hidden="true"
      data-radix-focus-guard=""
      style="outline: none; opacity: 0; position: fixed; pointer-events: none;"
      tabindex="0"
    />
  </body>,
  "container": <div
    aria-hidden="true"
    data-aria-hidden="true"
  />,
  "debug": [Function],
  "findAllByAltText": [Function],
  "findAllByDisplayValue": [Function],
  "findAllByLabelText": [Function],
  "findAllByPlaceholderText": [Function],
  "findAllByRole": [Function],
  "findAllByTestId": [Function],
  "findAllByText": [Function],
  "findAllByTitle": [Function],
  "findByAltText": [Function],
  "findByDisplayValue": [Function],
  "findByLabelText": [Function],
  "findByPlaceholderText": [Function],
  "findByRole": [Function],
  "findByTestId": [Function],
  "findByText": [Function],
  "findByTitle": [Function],
  "getAllByAltText": [Function],
  "getAllByDisplayValue": [Function],
  "getAllByLabelText": [Function],
  "getAllByPlaceholderText": [Function],
  "getAllByRole": [Function],
  "getAllByTestId": [Function],
  "getAllByText": [Function],
  "getAllByTitle": [Function],
  "getByAltText": [Function],
  "getByDisplayValue": [Function],
  "getByLabelText": [Function],
  "getByPlaceholderText": [Function],
  "getByRole": [Function],
  "getByTestId": [Function],
  "getByText": [Function],
  "getByTitle": [Function],
  "queryAllByAltText": [Function],
  "queryAllByDisplayValue": [Function],
  "queryAllByLabelText": [Function],
  "queryAllByPlaceholderText": [Function],
  "queryAllByRole": [Function],
  "queryAllByTestId": [Function],
  "queryAllByText": [Function],
  "queryAllByTitle": [Function],
  "queryByAltText": [Function],
  "queryByDisplayValue": [Function],
  "queryByLabelText": [Function],
  "queryByPlaceholderText": [Function],
  "queryByRole": [Function],
  "queryByTestId": [Function],
  "queryByText": [Function],
  "queryByTitle": [Function],
  "rerender": [Function],
  "unmount": [Function],
}
`;
